// Jest Snapshot v1, https://goo.gl/fbAQLP

exports[`Input component renders correctly 1`] = `
<View>
  <Text
    style={
      Object {
        "fontWeight": "bold",
      }
    }
  >
    Label
  </Text>
  <TextInput
    allowFontScaling={true}
    autoCorrect={true}
    onChangeText={[MockFunction]}
    placeholder="Placeholder..."
    secureTextEntry={false}
    style={
      Object {
        "borderColor": "black",
        "borderWidth": 0.2,
        "height": 40,
      }
    }
    underlineColorAndroid="transparent"
    value="value"
  />
</View>
`;
